2026-07-14 18:47:24.256: [INFO] OnDoneLoading sync enabled: 0
2026-07-14 19:05:16.548: [INFO] OnDoneLoading sync enabled: 0
2026-07-14 19:06:26.763: [INFO] OnDoneLoading sync enabled: 0
2026-07-14 19:12:28.493: [INFO] OnDoneLoading sync enabled: 0
2026-07-14 19:19:13.282: [INFO] OnDoneLoading sync enabled: 0
2026-07-16 05:37:44.168: [INFO] OnDoneLoading sync enabled: 0
2026-07-16 05:45:35.717: [INFO] OnDoneLoading sync enabled: 0
2026-07-16 05:53:05.163: [INFO] OnDoneLoading sync enabled: 0
2026-07-16 06:15:08.399: [INFO] OnDoneLoading sync enabled: 0
2026-07-16 06:26:55.236: [INFO] OnDoneLoading sync enabled: 0
2026-07-16 06:28:27.848: [INFO] OnDoneLoading sync enabled: 0
2026-07-19 18:50:01.791: [INFO] OnDoneLoading sync enabled: 0
2026-07-19 18:58:06.283: [INFO] OnDoneLoading sync enabled: 0
2026-07-19 19:06:02.612: [INFO] OnDoneLoading sync enabled: 0
2026-07-24 10:43:16.010: [INFO] OnDoneLoading sync enabled: 0
2026-07-24 10:46:41.393: [INFO] OnDoneLoading sync enabled: 0
2026-07-24 10:51:03.700: [INFO] OnDoneLoading sync enabled: 0
2026-07-24 10:56:02.650: [INFO] OnDoneLoading sync enabled: 0
2026-07-24 10:56:20.046: [INFO] OnDoneLoading sync enabled: 0
2026-07-26 17:29:31.531: [INFO] OnDoneLoading sync enabled: 0
2026-08-08 13:13:24.575: [INFO] CurrentProfilePath: C:\Users\nadaf\OneDrive\Desktop\Hotel Management System\.metadata\.plugins\org.eclipse.swt\EBWebView\Default
2026-08-08 13:13:24.575: [INFO] Profiles total count: 1
2026-08-08 13:13:24.576: [INFO] Profile: name=Profile 1 path=C:\Users\nadaf\OneDrive\Desktop\Hotel Management System\.metadata\.plugins\org.eclipse.swt\EBWebView\Default lastActive=2026-07-16T05:45:35.906Z
2026-08-08 13:13:24.576: [INFO] LastUsedProfileDir: C:\Users\nadaf\OneDrive\Desktop\Hotel Management System\.metadata\.plugins\org.eclipse.swt\EBWebView\Default
2026-08-08 13:13:24.576: [INFO] MostRecentlyActiveProfile: name=Profile 1 path=C:\Users\nadaf\OneDrive\Desktop\Hotel Management System\.metadata\.plugins\org.eclipse.swt\EBWebView\Default lastActive=2026-07-16T05:45:35.906Z
2026-08-08 13:13:24.576: [INFO] OnDoneLoading sync enabled: 0
2026-08-08 13:13:24.576: [INFO] BookmarkModelLoaded, ids_reassigned: 0
2026-08-08 13:13:24.576: [INFO] BookmarksLoadDropped droppedNodes=0
2026-08-08 13:13:24.576: [INFO] BookmarksSnapshot Startup total=0 bar=0 other=0 mobile=0 showBar=0 showBarNTP=1
2026-08-08 15:30:50.721: [INFO] BookmarksSnapshot Shutdown total=0 bar=0 other=0 mobile=0 showBar=0 showBarNTP=1
